new data: 2025-09-02T05:55:18.833Z
new data: 2025-09-02T05:55:19.846Z
new data: 2025-09-02T05:55:20.858Z
new data: 2025-09-02T05:55:21.873Z
new data: 2025-09-02T05:55:22.887Z
new data: 2025-09-02T05:55:23.901Z
new data: 2025-09-02T05:55:24.911Z
new data: 2025-09-02T05:55:25.922Z
new data: 2025-09-02T05:55:26.933Z
new data: 2025-09-02T05:55:27.947Z
new data: 2025-09-02T05:55:28.959Z
new data: 2025-09-02T05:55:29.973Z
new data: 2025-09-02T05:55:30.985Z
new data: 2025-09-02T05:55:31.997Z
new data: 2025-09-02T05:55:33.010Z
new data: 2025-09-02T05:55:34.020Z
new data: 2025-09-02T05:55:35.020Z
new data: 2025-09-02T05:55:36.033Z
new data: 2025-09-02T05:55:37.047Z
new data: 2025-09-02T05:55:38.058Z
new data: 2025-09-02T05:55:39.073Z
new data: 2025-09-02T05:55:40.087Z
new data: 2025-09-02T05:55:41.092Z
new data: 2025-09-02T05:55:42.103Z
new data: 2025-09-02T05:55:43.114Z
new data: 2025-09-02T05:55:44.127Z
new data: 2025-09-02T05:55:45.138Z
new data: 2025-09-02T05:55:46.150Z
new data: 2025-09-02T05:55:47.162Z
new data: 2025-09-02T05:55:48.177Z
new data: 2025-09-02T05:55:49.191Z
new data: 2025-09-02T05:55:50.201Z
new data: 2025-09-02T05:55:51.213Z
new data: 2025-09-02T05:55:52.220Z
new data: 2025-09-02T05:55:53.237Z
new data: 2025-09-02T05:55:54.249Z
new data: 2025-09-02T05:55:55.262Z
new data: 2025-09-02T05:55:56.271Z
new data: 2025-09-02T05:55:57.282Z
new data: 2025-09-02T05:55:58.294Z
new data: 2025-09-02T05:55:59.308Z
new data: 2025-09-02T05:56:00.311Z
new data: 2025-09-02T05:56:01.324Z
new data: 2025-09-02T05:56:02.339Z
new data: 2025-09-02T05:56:03.351Z
new data: 2025-09-02T05:56:04.362Z
new data: 2025-09-02T05:56:05.374Z
new data: 2025-09-02T05:56:06.388Z
new data: 2025-09-02T05:56:07.388Z
new data: 2025-09-02T05:56:08.390Z
new data: 2025-09-02T05:56:09.402Z
new data: 2025-09-02T05:56:10.410Z
new data: 2025-09-02T05:56:11.421Z
new data: 2025-09-02T05:56:12.432Z
new data: 2025-09-02T05:56:13.441Z
new data: 2025-09-02T05:56:14.453Z
new data: 2025-09-02T05:56:15.466Z
new data: 2025-09-02T05:56:16.471Z
new data: 2025-09-02T05:56:17.478Z
new data: 2025-09-02T05:56:18.489Z
new data: 2025-09-02T05:56:19.504Z
new data: 2025-09-02T05:56:20.507Z
new data: 2025-09-02T05:56:21.522Z
new data: 2025-09-02T05:56:26.917Z
new data: 2025-09-02T05:56:27.932Z
new data: 2025-09-02T05:56:28.946Z
new data: 2025-09-02T05:56:29.955Z
new data: 2025-09-02T05:56:30.969Z
new data: 2025-09-02T05:56:31.979Z
new data: 2025-09-02T05:56:32.994Z
new data: 2025-09-02T05:56:34.007Z
new data: 2025-09-02T05:56:35.018Z
new data: 2025-09-02T05:56:36.027Z
new data: 2025-09-02T05:56:37.040Z
new data: 2025-09-02T05:56:38.047Z
new data: 2025-09-02T05:56:39.058Z
new data: 2025-09-02T05:56:40.070Z
new data: 2025-09-02T05:56:41.082Z
new data: 2025-09-02T05:56:42.083Z
new data: 2025-09-02T05:56:43.094Z
new data: 2025-09-02T05:56:44.108Z
new data: 2025-09-02T05:56:45.109Z
new data: 2025-09-02T05:56:46.122Z
new data: 2025-09-02T05:56:47.135Z
new data: 2025-09-02T05:56:48.145Z
new data: 2025-09-02T05:56:49.160Z
new data: 2025-09-02T05:56:50.171Z
new data: 2025-09-02T05:56:51.171Z
new data: 2025-09-02T05:56:52.172Z
new data: 2025-09-02T05:56:53.186Z
new data: 2025-09-02T05:56:54.199Z
new data: 2025-09-02T05:56:55.206Z
new data: 2025-09-02T05:56:56.220Z
new data: 2025-09-02T05:56:57.230Z
new data: 2025-09-02T05:56:58.239Z
new data: 2025-09-02T05:56:59.242Z
new data: 2025-09-02T05:57:00.254Z
new data: 2025-09-02T05:57:01.263Z
new data: 2025-09-02T05:57:02.274Z
new data: 2025-09-02T05:57:03.289Z
new data: 2025-09-02T05:57:04.302Z
new data: 2025-09-02T05:57:05.315Z
new data: 2025-09-02T05:57:06.316Z
new data: 2025-09-02T05:57:07.316Z
new data: 2025-09-02T05:57:08.328Z
new data: 2025-09-02T05:57:09.328Z
new data: 2025-09-02T05:57:10.338Z
new data: 2025-09-02T05:57:11.349Z
new data: 2025-09-02T05:57:12.363Z
new data: 2025-09-02T05:57:13.366Z
new data: 2025-09-02T05:57:14.379Z
new data: 2025-09-02T05:57:15.390Z
new data: 2025-09-02T05:57:16.402Z
new data: 2025-09-02T05:57:17.417Z
new data: 2025-09-02T05:57:18.417Z
new data: 2025-09-02T05:57:19.432Z
new data: 2025-09-02T05:57:20.445Z
new data: 2025-09-02T05:57:21.454Z
new data: 2025-09-02T05:57:22.470Z
new data: 2025-09-02T05:57:23.481Z
new data: 2025-09-02T05:57:24.492Z
new data: 2025-09-02T05:57:25.506Z
new data: 2025-09-02T05:57:26.517Z
new data: 2025-09-02T05:57:27.529Z
new data: 2025-09-02T05:57:28.543Z
new data: 2025-09-02T05:57:29.553Z
new data: 2025-09-02T05:57:30.555Z
new data: 2025-09-02T05:57:31.555Z
new data: 2025-09-02T05:57:32.557Z
new data: 2025-09-02T05:57:33.571Z
new data: 2025-09-02T05:57:34.577Z
new data: 2025-09-02T05:57:35.591Z
new data: 2025-09-02T05:57:36.596Z
new data: 2025-09-02T05:57:37.596Z
new data: 2025-09-02T05:57:38.609Z
new data: 2025-09-02T05:57:39.620Z
new data: 2025-09-02T05:57:40.631Z
new data: 2025-09-02T05:57:41.645Z
new data: 2025-09-02T05:57:42.646Z
new data: 2025-09-02T05:57:43.659Z
new data: 2025-09-02T05:57:44.674Z
new data: 2025-09-02T05:57:45.687Z
new data: 2025-09-02T05:57:46.703Z
new data: 2025-09-02T05:57:47.716Z
new data: 2025-09-02T05:57:48.726Z
new data: 2025-09-02T05:57:49.740Z
new data: 2025-09-02T05:57:50.752Z
new data: 2025-09-02T05:57:51.756Z
new data: 2025-09-02T05:57:52.765Z
new data: 2025-09-02T05:57:53.779Z
new data: 2025-09-02T05:57:54.779Z
new data: 2025-09-02T05:57:55.782Z
new data: 2025-09-02T05:57:56.796Z
new data: 2025-09-02T05:57:57.810Z
new data: 2025-09-02T05:57:58.820Z
new data: 2025-09-02T05:57:59.834Z
new data: 2025-09-02T05:58:00.850Z
new data: 2025-09-02T05:58:01.865Z
new data: 2025-09-02T05:58:02.877Z
new data: 2025-09-02T05:58:03.885Z
new data: 2025-09-02T05:58:04.892Z
new data: 2025-09-02T05:58:05.901Z
new data: 2025-09-02T05:58:06.912Z
new data: 2025-09-02T05:58:07.927Z
new data: 2025-09-02T05:58:08.935Z
new data: 2025-09-02T05:58:09.947Z
new data: 2025-09-02T05:58:10.947Z
new data: 2025-09-02T05:58:11.960Z
new data: 2025-09-02T05:58:12.971Z
new data: 2025-09-02T05:58:13.981Z
new data: 2025-09-02T05:58:14.992Z
new data: 2025-09-02T05:58:16.005Z
new data: 2025-09-02T05:58:17.019Z
new data: 2025-09-02T05:58:18.034Z
new data: 2025-09-02T05:58:19.047Z
new data: 2025-09-02T05:58:20.059Z
new data: 2025-09-02T05:58:21.069Z
new data: 2025-09-02T05:58:22.082Z
new data: 2025-09-02T05:58:23.086Z
new data: 2025-09-02T05:58:24.098Z
new data: 2025-09-02T05:58:25.111Z
new data: 2025-09-02T05:58:26.125Z
new data: 2025-09-02T05:58:27.128Z
new data: 2025-09-02T05:58:28.141Z
new data: 2025-09-02T05:58:29.143Z
new data: 2025-09-02T05:58:30.157Z
new data: 2025-09-02T05:58:31.168Z
new data: 2025-09-02T05:58:32.182Z
new data: 2025-09-02T05:58:33.197Z
new data: 2025-09-02T05:58:34.198Z
new data: 2025-09-02T05:58:35.209Z
new data: 2025-09-02T05:58:36.221Z
new data: 2025-09-02T05:58:37.230Z
new data: 2025-09-02T05:58:38.231Z
new data: 2025-09-02T05:58:39.240Z
new data: 2025-09-02T05:58:40.251Z
new data: 2025-09-02T05:58:41.264Z
new data: 2025-09-02T05:58:42.279Z
new data: 2025-09-02T05:58:43.286Z
new data: 2025-09-02T05:58:44.299Z
new data: 2025-09-02T05:58:45.304Z
new data: 2025-09-02T05:58:46.318Z
new data: 2025-09-02T05:58:47.329Z
new data: 2025-09-02T05:58:48.339Z
new data: 2025-09-02T05:58:49.349Z
new data: 2025-09-02T05:58:50.362Z
new data: 2025-09-02T05:58:51.374Z
new data: 2025-09-02T05:58:52.389Z
new data: 2025-09-02T05:58:53.401Z
new data: 2025-09-02T05:58:54.413Z
new data: 2025-09-02T05:58:55.424Z
new data: 2025-09-02T05:58:56.436Z
new data: 2025-09-02T05:58:57.452Z
new data: 2025-09-02T05:58:58.466Z
new data: 2025-09-02T05:58:59.477Z
new data: 2025-09-02T05:59:00.489Z
new data: 2025-09-02T05:59:01.501Z
new data: 2025-09-02T05:59:02.517Z
new data: 2025-09-02T05:59:03.519Z
new data: 2025-09-02T05:59:04.520Z
new data: 2025-09-02T05:59:05.532Z
new data: 2025-09-02T05:59:06.543Z
new data: 2025-09-02T05:59:07.544Z
new data: 2025-09-02T05:59:08.558Z
new data: 2025-09-02T05:59:09.568Z
new data: 2025-09-02T05:59:10.579Z
new data: 2025-09-02T05:59:11.589Z
new data: 2025-09-02T05:59:12.603Z
new data: 2025-09-02T05:59:13.612Z
new data: 2025-09-02T05:59:14.611Z
new data: 2025-09-02T05:59:15.625Z
new data: 2025-09-02T05:59:16.626Z
new data: 2025-09-02T05:59:17.640Z
new data: 2025-09-02T05:59:18.651Z
new data: 2025-09-02T05:59:19.663Z
new data: 2025-09-02T05:59:20.673Z
new data: 2025-09-02T05:59:21.684Z
new data: 2025-09-02T05:59:22.697Z
new data: 2025-09-02T05:59:23.708Z
new data: 2025-09-02T05:59:24.708Z
new data: 2025-09-02T05:59:25.721Z
new data: 2025-09-02T05:59:26.734Z
new data: 2025-09-02T05:59:27.745Z
new data: 2025-09-02T05:59:28.754Z
new data: 2025-09-02T05:59:29.766Z
new data: 2025-09-02T05:59:30.767Z
new data: 2025-09-02T05:59:31.778Z
new data: 2025-09-02T05:59:32.778Z
new data: 2025-09-02T05:59:33.791Z
new data: 2025-09-02T05:59:34.793Z
new data: 2025-09-02T05:59:35.805Z
new data: 2025-09-02T05:59:36.820Z
new data: 2025-09-02T05:59:37.831Z
new data: 2025-09-02T05:59:38.840Z
new data: 2025-09-02T05:59:39.853Z
new data: 2025-09-02T05:59:40.867Z
new data: 2025-09-02T05:59:41.879Z
new data: 2025-09-02T05:59:42.894Z
new data: 2025-09-02T05:59:43.906Z
new data: 2025-09-02T05:59:44.917Z
new data: 2025-09-02T05:59:45.932Z
new data: 2025-09-02T05:59:46.933Z
new data: 2025-09-02T05:59:47.946Z
new data: 2025-09-02T05:59:48.947Z
new data: 2025-09-02T05:59:49.959Z
new data: 2025-09-02T05:59:50.972Z
new data: 2025-09-02T05:59:51.984Z
new data: 2025-09-02T05:59:52.998Z
new data: 2025-09-02T05:59:54.010Z
new data: 2025-09-02T05:59:55.020Z
new data: 2025-09-02T05:59:56.026Z
new data: 2025-09-02T05:59:57.027Z
new data: 2025-09-02T05:59:58.039Z
new data: 2025-09-02T05:59:59.054Z
new data: 2025-09-02T06:00:00.062Z
new data: 2025-09-02T06:00:01.062Z
new data: 2025-09-02T06:00:02.078Z
new data: 2025-09-02T06:00:03.090Z
new data: 2025-09-02T06:00:04.104Z
new data: 2025-09-02T06:00:05.117Z
new data: 2025-09-02T06:00:06.130Z
new data: 2025-09-02T06:00:07.134Z
new data: 2025-09-02T06:00:08.144Z
new data: 2025-09-02T06:00:09.156Z
new data: 2025-09-02T06:00:10.170Z
new data: 2025-09-02T06:00:11.181Z
new data: 2025-09-02T06:00:12.195Z
new data: 2025-09-02T06:00:13.207Z
new data: 2025-09-02T06:00:14.216Z
new data: 2025-09-02T06:00:15.218Z
new data: 2025-09-02T06:00:16.234Z
new data: 2025-09-02T06:00:17.242Z
new data: 2025-09-02T06:00:18.244Z
new data: 2025-09-02T06:00:19.260Z
new data: 2025-09-02T06:00:20.272Z
new data: 2025-09-02T06:00:21.281Z
new data: 2025-09-02T06:00:22.293Z
new data: 2025-09-02T06:00:23.299Z
new data: 2025-09-02T06:00:24.302Z
new data: 2025-09-02T06:00:25.304Z
new data: 2025-09-02T06:00:26.317Z
new data: 2025-09-02T06:00:27.331Z
new data: 2025-09-02T06:00:28.334Z
new data: 2025-09-02T06:00:29.346Z
new data: 2025-09-02T06:00:30.358Z
new data: 2025-09-02T06:00:31.368Z
new data: 2025-09-02T06:00:32.368Z
new data: 2025-09-02T06:00:33.379Z
new data: 2025-09-02T06:00:34.394Z
new data: 2025-09-02T06:00:35.405Z
new data: 2025-09-02T06:00:36.415Z
new data: 2025-09-02T06:00:37.430Z
new data: 2025-09-02T06:00:38.442Z
new data: 2025-09-02T06:00:39.456Z
new data: 2025-09-02T06:00:40.467Z
new data: 2025-09-02T06:00:41.481Z
new data: 2025-09-02T06:00:42.497Z
new data: 2025-09-02T06:00:43.508Z
new data: 2025-09-02T06:00:44.523Z
new data: 2025-09-02T06:00:45.525Z
new data: 2025-09-02T06:00:46.533Z
new data: 2025-09-02T06:00:47.534Z
new data: 2025-09-02T06:00:48.546Z
new data: 2025-09-02T06:00:49.561Z
new data: 2025-09-02T06:00:50.569Z
new data: 2025-09-02T06:00:51.568Z
new data: 2025-09-02T06:00:52.572Z
new data: 2025-09-02T06:00:53.586Z
new data: 2025-09-02T06:00:54.602Z
new data: 2025-09-02T06:00:55.614Z
new data: 2025-09-02T06:00:56.627Z
new data: 2025-09-02T06:00:57.639Z
new data: 2025-09-02T06:00:58.639Z
new data: 2025-09-02T06:00:59.648Z
new data: 2025-09-02T06:01:00.662Z
new data: 2025-09-02T06:01:01.672Z
new data: 2025-09-02T06:01:02.676Z
new data: 2025-09-02T06:01:03.690Z
new data: 2025-09-02T06:01:04.701Z
new data: 2025-09-02T06:01:05.716Z
new data: 2025-09-02T06:01:06.728Z
new data: 2025-09-02T06:01:07.739Z
new data: 2025-09-02T06:01:08.753Z
new data: 2025-09-02T06:01:09.766Z
new data: 2025-09-02T06:01:10.781Z
new data: 2025-09-02T06:01:11.795Z
new data: 2025-09-02T06:01:12.811Z
new data: 2025-09-02T06:01:13.819Z
new data: 2025-09-02T06:01:14.831Z
new data: 2025-09-02T06:01:15.842Z
new data: 2025-09-02T06:01:16.856Z
new data: 2025-09-02T06:01:17.865Z
new data: 2025-09-02T06:01:18.877Z
new data: 2025-09-02T06:01:19.888Z
new data: 2025-09-02T06:01:20.901Z
new data: 2025-09-02T06:01:21.912Z
new data: 2025-09-02T06:01:22.926Z
new data: 2025-09-02T06:01:23.926Z
new data: 2025-09-02T06:01:24.939Z
new data: 2025-09-02T06:01:25.947Z
new data: 2025-09-02T06:01:26.954Z
new data: 2025-09-02T06:01:27.966Z
new data: 2025-09-02T06:01:28.978Z
new data: 2025-09-02T06:01:29.980Z
new data: 2025-09-02T06:01:30.992Z
new data: 2025-09-02T06:01:32.002Z
new data: 2025-09-02T06:01:33.013Z
new data: 2025-09-02T06:01:34.028Z
new data: 2025-09-02T06:01:35.039Z
new data: 2025-09-02T06:01:36.051Z
new data: 2025-09-02T06:01:37.052Z
new data: 2025-09-02T06:01:38.061Z
new data: 2025-09-02T06:01:39.071Z
new data: 2025-09-02T06:01:40.084Z
new data: 2025-09-02T06:01:41.085Z
new data: 2025-09-02T06:01:42.090Z
new data: 2025-09-02T06:01:43.104Z
new data: 2025-09-02T06:01:44.118Z
new data: 2025-09-02T06:01:45.129Z
new data: 2025-09-02T06:01:46.143Z
new data: 2025-09-02T06:01:47.156Z
new data: 2025-09-02T06:01:48.170Z
new data: 2025-09-02T06:01:49.185Z
new data: 2025-09-02T06:01:50.199Z
new data: 2025-09-02T06:01:51.212Z
new data: 2025-09-02T06:01:52.223Z
new data: 2025-09-02T06:01:53.234Z
new data: 2025-09-02T06:01:54.244Z
new data: 2025-09-02T06:01:55.259Z
new data: 2025-09-02T06:01:56.268Z
new data: 2025-09-02T06:01:57.277Z
new data: 2025-09-02T06:01:58.290Z
new data: 2025-09-02T06:01:59.291Z
new data: 2025-09-02T06:02:00.304Z
new data: 2025-09-02T06:02:01.318Z
new data: 2025-09-02T06:02:02.331Z
new data: 2025-09-02T06:02:03.340Z
new data: 2025-09-02T06:02:04.354Z
new data: 2025-09-02T06:02:05.363Z
new data: 2025-09-02T06:02:06.363Z
new data: 2025-09-02T06:02:07.375Z
new data: 2025-09-02T06:02:08.390Z
new data: 2025-09-02T06:02:09.403Z
new data: 2025-09-02T06:02:10.418Z
new data: 2025-09-02T06:02:11.419Z
new data: 2025-09-02T06:02:12.432Z
new data: 2025-09-02T06:02:13.444Z
new data: 2025-09-02T06:02:14.456Z
new data: 2025-09-02T06:02:15.455Z
new data: 2025-09-02T06:02:16.470Z
new data: 2025-09-02T06:02:17.483Z
new data: 2025-09-02T06:02:18.497Z
new data: 2025-09-02T06:02:19.498Z
new data: 2025-09-02T06:02:20.498Z
new data: 2025-09-02T06:02:21.509Z
new data: 2025-09-02T06:02:22.524Z
new data: 2025-09-02T06:02:23.537Z
new data: 2025-09-02T06:02:24.552Z
new data: 2025-09-02T06:02:25.566Z
new data: 2025-09-02T06:02:26.577Z
new data: 2025-09-02T06:02:27.588Z
new data: 2025-09-02T06:02:28.597Z
new data: 2025-09-02T06:02:29.607Z
new data: 2025-09-02T06:02:30.610Z
new data: 2025-09-02T06:02:31.623Z
new data: 2025-09-02T06:02:32.638Z
new data: 2025-09-02T06:02:33.649Z
new data: 2025-09-02T06:02:34.664Z
new data: 2025-09-02T06:02:35.671Z
new data: 2025-09-02T06:02:36.684Z
new data: 2025-09-02T06:02:37.695Z
new data: 2025-09-02T06:02:38.709Z
new data: 2025-09-02T06:02:39.711Z
new data: 2025-09-02T06:02:40.725Z
new data: 2025-09-02T06:02:41.738Z
new data: 2025-09-02T06:02:42.742Z
new data: 2025-09-02T06:02:43.747Z
new data: 2025-09-02T06:02:44.750Z
new data: 2025-09-02T06:02:45.764Z
new data: 2025-09-02T06:02:46.776Z
new data: 2025-09-02T06:02:47.790Z
new data: 2025-09-02T06:02:48.790Z
new data: 2025-09-02T06:02:49.799Z
new data: 2025-09-02T06:02:50.813Z
new data: 2025-09-02T06:02:51.827Z
new data: 2025-09-02T06:02:52.828Z
new data: 2025-09-02T06:02:53.828Z
new data: 2025-09-02T06:02:54.844Z
new data: 2025-09-02T06:02:55.854Z
new data: 2025-09-02T06:02:56.867Z
new data: 2025-09-02T06:02:57.881Z
new data: 2025-09-02T06:02:58.891Z
new data: 2025-09-02T06:02:59.904Z
new data: 2025-09-02T06:03:00.913Z
new data: 2025-09-02T06:03:01.924Z
new data: 2025-09-02T06:03:02.937Z
new data: 2025-09-02T06:03:03.948Z
new data: 2025-09-02T06:03:04.949Z
new data: 2025-09-02T06:03:05.961Z
new data: 2025-09-02T06:03:06.973Z
new data: 2025-09-02T06:03:07.987Z
new data: 2025-09-02T06:03:08.989Z
new data: 2025-09-02T06:03:10.003Z
new data: 2025-09-02T06:03:11.012Z
new data: 2025-09-02T06:03:12.026Z
new data: 2025-09-02T06:03:13.041Z
new data: 2025-09-02T06:03:14.051Z
new data: 2025-09-02T06:03:15.063Z
new data: 2025-09-02T06:03:16.076Z
new data: 2025-09-02T06:03:17.088Z
new data: 2025-09-02T06:03:18.102Z
new data: 2025-09-02T06:03:19.102Z
new data: 2025-09-02T06:03:20.117Z
new data: 2025-09-02T06:03:21.127Z
new data: 2025-09-02T06:03:22.141Z
new data: 2025-09-02T06:03:23.158Z
new data: 2025-09-02T06:03:24.172Z
new data: 2025-09-02T06:03:25.187Z
new data: 2025-09-02T06:03:26.200Z
new data: 2025-09-02T06:03:27.214Z
new data: 2025-09-02T06:03:28.224Z
new data: 2025-09-02T06:03:29.225Z
new data: 2025-09-02T06:03:30.229Z
new data: 2025-09-02T06:03:31.242Z
new data: 2025-09-02T06:03:32.254Z
new data: 2025-09-02T06:03:33.268Z
new data: 2025-09-02T06:03:34.277Z
new data: 2025-09-02T06:03:35.278Z
new data: 2025-09-02T06:03:36.287Z
new data: 2025-09-02T06:03:37.300Z
new data: 2025-09-02T06:03:38.314Z
new data: 2025-09-02T06:03:39.315Z
new data: 2025-09-02T06:03:40.321Z
new data: 2025-09-02T06:03:41.327Z
new data: 2025-09-02T06:03:42.342Z
new data: 2025-09-02T06:03:43.353Z
new data: 2025-09-02T06:03:44.360Z
new data: 2025-09-02T06:03:45.372Z
new data: 2025-09-02T06:03:46.372Z
new data: 2025-09-02T06:03:47.386Z
new data: 2025-09-02T06:03:48.395Z
new data: 2025-09-02T06:03:49.403Z
new data: 2025-09-02T06:03:50.412Z
new data: 2025-09-02T06:03:51.425Z
new data: 2025-09-02T06:03:52.436Z
new data: 2025-09-02T06:03:53.442Z
new data: 2025-09-02T06:03:54.444Z
new data: 2025-09-02T06:03:55.458Z
new data: 2025-09-02T06:03:56.458Z
new data: 2025-09-02T06:03:57.458Z
new data: 2025-09-02T06:03:58.467Z
new data: 2025-09-02T06:03:59.478Z
new data: 2025-09-02T06:04:00.493Z
new data: 2025-09-02T06:04:01.507Z
new data: 2025-09-02T06:04:02.515Z
new data: 2025-09-02T06:04:03.529Z
new data: 2025-09-02T06:04:04.543Z
new data: 2025-09-02T06:04:05.556Z
new data: 2025-09-02T06:04:06.561Z
new data: 2025-09-02T06:04:07.573Z
new data: 2025-09-02T06:04:08.578Z
new data: 2025-09-02T06:04:09.592Z
new data: 2025-09-02T06:04:10.607Z
new data: 2025-09-02T06:04:11.613Z
new data: 2025-09-02T06:04:12.628Z
new data: 2025-09-02T06:04:13.640Z
new data: 2025-09-02T06:04:14.651Z
new data: 2025-09-02T06:04:15.664Z
new data: 2025-09-02T06:04:16.668Z
new data: 2025-09-02T06:04:17.681Z
new data: 2025-09-02T06:04:18.696Z
new data: 2025-09-02T06:04:19.696Z
new data: 2025-09-02T06:04:20.707Z
new data: 2025-09-02T06:04:21.707Z
new data: 2025-09-02T06:04:22.707Z
new data: 2025-09-02T06:04:23.710Z
new data: 2025-09-02T06:04:24.719Z
new data: 2025-09-02T06:04:25.733Z
new data: 2025-09-02T06:04:26.749Z
new data: 2025-09-02T06:04:27.762Z
new data: 2025-09-02T06:04:28.777Z
new data: 2025-09-02T06:04:29.792Z
new data: 2025-09-02T06:04:30.805Z
new data: 2025-09-02T06:04:31.805Z
new data: 2025-09-02T06:04:32.815Z
new data: 2025-09-02T06:04:33.828Z
new data: 2025-09-02T06:04:34.842Z
new data: 2025-09-02T06:04:35.853Z
new data: 2025-09-02T06:04:36.862Z
new data: 2025-09-02T06:04:37.875Z
new data: 2025-09-02T06:04:38.886Z
new data: 2025-09-02T06:04:39.899Z
new data: 2025-09-02T06:04:40.910Z
new data: 2025-09-02T06:04:41.920Z
new data: 2025-09-02T06:04:42.932Z
new data: 2025-09-02T06:04:43.942Z
new data: 2025-09-02T06:04:44.950Z
new data: 2025-09-02T06:04:45.962Z
new data: 2025-09-02T06:04:46.972Z
new data: 2025-09-02T06:04:47.983Z
new data: 2025-09-02T06:04:48.994Z
new data: 2025-09-02T06:04:50.008Z
new data: 2025-09-02T06:04:51.016Z
new data: 2025-09-02T06:04:52.029Z
new data: 2025-09-02T06:04:53.043Z
new data: 2025-09-02T06:04:54.058Z
new data: 2025-09-02T06:04:55.071Z
new data: 2025-09-02T06:04:56.084Z
new data: 2025-09-02T06:04:57.095Z
new data: 2025-09-02T06:04:58.110Z
new data: 2025-09-02T06:04:59.122Z
new data: 2025-09-02T06:05:00.139Z
new data: 2025-09-02T06:05:01.151Z
new data: 2025-09-02T06:05:02.162Z
new data: 2025-09-02T06:05:03.175Z
new data: 2025-09-02T06:05:04.190Z
new data: 2025-09-02T06:05:05.203Z
new data: 2025-09-02T06:05:06.218Z
new data: 2025-09-02T06:05:07.228Z
new data: 2025-09-02T06:05:08.239Z
new data: 2025-09-02T06:05:09.248Z
new data: 2025-09-02T06:05:10.251Z
new data: 2025-09-02T06:05:11.264Z
new data: 2025-09-02T06:05:12.277Z
new data: 2025-09-02T06:05:13.288Z
new data: 2025-09-02T06:05:14.299Z
new data: 2025-09-02T06:05:15.312Z
new data: 2025-09-02T06:05:16.323Z
new data: 2025-09-02T06:05:17.338Z
new data: 2025-09-02T06:05:18.349Z
new data: 2025-09-02T06:05:19.364Z
new data: 2025-09-02T06:05:20.373Z
new data: 2025-09-02T06:05:21.388Z
new data: 2025-09-02T06:05:22.395Z
new data: 2025-09-02T06:05:23.407Z
new data: 2025-09-02T06:05:24.407Z
new data: 2025-09-02T06:05:25.418Z
new data: 2025-09-02T06:05:26.431Z
new data: 2025-09-02T06:05:27.444Z
new data: 2025-09-02T06:05:28.458Z
new data: 2025-09-02T06:05:29.474Z
new data: 2025-09-02T06:05:30.474Z
new data: 2025-09-02T06:05:31.486Z
new data: 2025-09-02T06:05:32.498Z
new data: 2025-09-02T06:05:33.507Z
new data: 2025-09-02T06:05:34.520Z
new data: 2025-09-02T06:05:35.533Z
new data: 2025-09-02T06:05:36.546Z
new data: 2025-09-02T06:05:37.560Z
new data: 2025-09-02T06:05:38.573Z
new data: 2025-09-02T06:05:39.585Z
new data: 2025-09-02T06:05:40.595Z
new data: 2025-09-02T06:05:41.606Z
new data: 2025-09-02T06:05:42.615Z
new data: 2025-09-02T06:05:43.629Z
new data: 2025-09-02T06:05:44.643Z
new data: 2025-09-02T06:05:45.654Z
new data: 2025-09-02T06:05:46.668Z
new data: 2025-09-02T06:05:47.682Z
new data: 2025-09-02T06:05:48.692Z
new data: 2025-09-02T06:05:49.706Z
new data: 2025-09-02T06:05:50.707Z
new data: 2025-09-02T06:05:51.720Z
new data: 2025-09-02T06:05:52.731Z
new data: 2025-09-02T06:05:53.746Z
new data: 2025-09-02T06:05:54.756Z
new data: 2025-09-02T06:05:55.769Z
new data: 2025-09-02T06:05:56.782Z
new data: 2025-09-02T06:05:57.783Z
new data: 2025-09-02T06:05:58.783Z
new data: 2025-09-02T06:05:59.799Z
new data: 2025-09-02T06:06:00.810Z
new data: 2025-09-02T06:06:01.825Z
new data: 2025-09-02T06:06:02.827Z
new data: 2025-09-02T06:06:03.831Z
new data: 2025-09-02T06:06:04.837Z
new data: 2025-09-02T06:06:05.851Z
new data: 2025-09-02T06:06:06.863Z
new data: 2025-09-02T06:06:07.863Z
new data: 2025-09-02T06:06:08.878Z
new data: 2025-09-02T06:06:09.890Z
new data: 2025-09-02T06:06:10.900Z
new data: 2025-09-02T06:06:11.912Z
new data: 2025-09-02T06:06:12.921Z
new data: 2025-09-02T06:06:13.934Z
new data: 2025-09-02T06:06:14.945Z
new data: 2025-09-02T06:06:15.955Z
new data: 2025-09-02T06:06:16.970Z
new data: 2025-09-02T06:06:17.982Z
new data: 2025-09-02T06:06:18.994Z
new data: 2025-09-02T06:06:20.004Z
new data: 2025-09-02T06:06:21.018Z
new data: 2025-09-02T06:06:22.028Z
new data: 2025-09-02T06:06:23.043Z
new data: 2025-09-02T06:06:24.056Z
new data: 2025-09-02T06:06:25.058Z
new data: 2025-09-02T06:06:26.070Z
new data: 2025-09-02T06:06:27.085Z
new data: 2025-09-02T06:06:28.098Z
new data: 2025-09-02T06:06:29.110Z
new data: 2025-09-02T06:06:30.122Z
new data: 2025-09-02T06:06:31.137Z
new data: 2025-09-02T06:06:32.138Z
new data: 2025-09-02T06:06:33.152Z
new data: 2025-09-02T06:06:34.163Z
new data: 2025-09-02T06:06:35.177Z
new data: 2025-09-02T06:06:36.192Z
new data: 2025-09-02T06:06:37.195Z
new data: 2025-09-02T06:06:38.203Z
new data: 2025-09-02T06:06:39.218Z
new data: 2025-09-02T06:06:40.227Z
new data: 2025-09-02T06:06:41.241Z
new data: 2025-09-02T06:06:42.253Z
new data: 2025-09-02T06:06:43.267Z
new data: 2025-09-02T06:06:44.281Z
new data: 2025-09-02T06:06:45.282Z
new data: 2025-09-02T06:06:46.297Z
new data: 2025-09-02T06:06:47.311Z
new data: 2025-09-02T06:06:48.321Z
new data: 2025-09-02T06:06:49.329Z
new data: 2025-09-02T06:06:50.339Z
new data: 2025-09-02T06:06:51.350Z
new data: 2025-09-02T06:06:52.360Z
new data: 2025-09-02T06:06:53.376Z
new data: 2025-09-02T06:06:54.389Z
new data: 2025-09-02T06:06:55.405Z
new data: 2025-09-02T06:06:56.420Z
new data: 2025-09-02T06:06:57.431Z
new data: 2025-09-02T06:06:58.432Z
new data: 2025-09-02T06:06:59.447Z
new data: 2025-09-02T06:07:00.459Z
new data: 2025-09-02T06:07:01.471Z
new data: 2025-09-02T06:07:02.484Z
new data: 2025-09-02T06:07:03.499Z
new data: 2025-09-02T06:07:04.510Z
new data: 2025-09-02T06:07:05.523Z
new data: 2025-09-02T06:07:06.535Z
new data: 2025-09-02T06:07:07.537Z
new data: 2025-09-02T06:07:08.550Z
new data: 2025-09-02T06:07:09.560Z
new data: 2025-09-02T06:07:10.564Z
new data: 2025-09-02T06:07:11.575Z
new data: 2025-09-02T06:07:12.588Z
new data: 2025-09-02T06:07:13.600Z
new data: 2025-09-02T06:07:14.611Z
new data: 2025-09-02T06:07:15.624Z
new data: 2025-09-02T06:07:16.636Z
new data: 2025-09-02T06:07:17.647Z
new data: 2025-09-02T06:07:18.654Z
new data: 2025-09-02T06:07:19.655Z
new data: 2025-09-02T06:07:20.666Z
new data: 2025-09-02T06:07:21.680Z
new data: 2025-09-02T06:07:22.680Z
new data: 2025-09-02T06:07:23.693Z
new data: 2025-09-02T06:07:24.705Z
new data: 2025-09-02T06:07:25.718Z
new data: 2025-09-02T06:07:26.732Z
new data: 2025-09-02T06:07:27.744Z
new data: 2025-09-02T06:07:28.759Z
new data: 2025-09-02T06:07:29.764Z
new data: 2025-09-02T06:07:30.773Z
new data: 2025-09-02T06:07:31.787Z
new data: 2025-09-02T06:07:32.790Z
new data: 2025-09-02T06:07:33.803Z
new data: 2025-09-02T06:07:34.815Z
new data: 2025-09-02T06:07:35.815Z
new data: 2025-09-02T06:07:36.824Z
new data: 2025-09-02T06:07:37.837Z
new data: 2025-09-02T06:07:38.851Z
new data: 2025-09-02T06:07:39.865Z
new data: 2025-09-02T06:07:40.864Z
new data: 2025-09-02T06:07:41.877Z
new data: 2025-09-02T06:07:42.891Z
new data: 2025-09-02T06:07:43.903Z
new data: 2025-09-02T06:07:44.918Z
new data: 2025-09-02T06:07:45.930Z
new data: 2025-09-02T06:07:46.940Z
new data: 2025-09-02T06:07:47.950Z
new data: 2025-09-02T06:07:48.961Z
new data: 2025-09-02T06:07:49.974Z
new data: 2025-09-02T06:07:50.989Z
new data: 2025-09-02T06:07:52.005Z
new data: 2025-09-02T06:07:53.014Z
new data: 2025-09-02T06:07:54.026Z
new data: 2025-09-02T06:07:55.035Z
new data: 2025-09-02T06:07:56.045Z
new data: 2025-09-02T06:07:57.057Z
new data: 2025-09-02T06:07:58.068Z
new data: 2025-09-02T06:07:59.083Z
new data: 2025-09-02T06:08:00.097Z
new data: 2025-09-02T06:08:01.107Z
new data: 2025-09-02T06:08:02.108Z
new data: 2025-09-02T06:08:03.120Z
new data: 2025-09-02T06:08:04.132Z
new data: 2025-09-02T06:08:05.140Z
new data: 2025-09-02T06:08:06.140Z
new data: 2025-09-02T06:08:07.151Z
new data: 2025-09-02T06:08:08.166Z
new data: 2025-09-02T06:08:09.176Z
new data: 2025-09-02T06:08:10.189Z
new data: 2025-09-02T06:08:11.199Z
new data: 2025-09-02T06:08:12.206Z
new data: 2025-09-02T06:08:13.221Z
new data: 2025-09-02T06:08:14.237Z
new data: 2025-09-02T06:08:15.249Z
new data: 2025-09-02T06:08:16.259Z
new data: 2025-09-02T06:08:17.270Z
new data: 2025-09-02T06:08:18.271Z
new data: 2025-09-02T06:08:19.284Z
new data: 2025-09-02T06:08:20.286Z
new data: 2025-09-02T06:08:21.295Z
new data: 2025-09-02T06:08:22.309Z
new data: 2025-09-02T06:08:23.319Z
new data: 2025-09-02T06:08:24.334Z
new data: 2025-09-02T06:08:25.344Z
new data: 2025-09-02T06:08:26.356Z
new data: 2025-09-02T06:08:27.370Z
new data: 2025-09-02T06:08:28.380Z
new data: 2025-09-02T06:08:29.395Z
new data: 2025-09-02T06:08:30.403Z
new data: 2025-09-02T06:08:31.412Z
new data: 2025-09-02T06:08:32.414Z
new data: 2025-09-02T06:08:33.426Z
new data: 2025-09-02T06:08:34.441Z
new data: 2025-09-02T06:08:35.450Z
new data: 2025-09-02T06:08:36.460Z
new data: 2025-09-02T06:08:37.470Z
new data: 2025-09-02T06:08:38.485Z
new data: 2025-09-02T06:08:39.496Z
new data: 2025-09-02T06:08:40.499Z
new data: 2025-09-02T06:08:41.515Z
new data: 2025-09-02T06:08:42.528Z
new data: 2025-09-02T06:08:43.531Z
new data: 2025-09-02T06:08:44.544Z
new data: 2025-09-02T06:08:45.558Z
new data: 2025-09-02T06:08:46.573Z
new data: 2025-09-02T06:08:47.587Z
new data: 2025-09-02T06:08:48.602Z
new data: 2025-09-02T06:08:49.613Z
new data: 2025-09-02T06:08:50.615Z
new data: 2025-09-02T06:08:51.629Z
new data: 2025-09-02T06:08:52.633Z
new data: 2025-09-02T06:08:53.633Z
new data: 2025-09-02T06:08:54.634Z
new data: 2025-09-02T06:08:55.647Z
new data: 2025-09-02T06:08:56.658Z
new data: 2025-09-02T06:08:57.680Z
new data: 2025-09-02T06:08:58.682Z
new data: 2025-09-02T06:08:59.693Z
new data: 2025-09-02T06:09:00.708Z
new data: 2025-09-02T06:09:01.710Z
new data: 2025-09-02T06:09:02.712Z
new data: 2025-09-02T06:09:03.726Z
new data: 2025-09-02T06:09:04.735Z
new data: 2025-09-02T06:09:05.739Z
new data: 2025-09-02T06:09:06.749Z
new data: 2025-09-02T06:09:07.750Z
new data: 2025-09-02T06:09:08.764Z
new data: 2025-09-02T06:09:09.776Z
new data: 2025-09-02T06:09:10.788Z
new data: 2025-09-02T06:09:11.800Z
new data: 2025-09-02T06:09:12.813Z
new data: 2025-09-02T06:09:13.823Z
new data: 2025-09-02T06:09:14.833Z
new data: 2025-09-02T06:09:15.842Z
new data: 2025-09-02T06:09:16.851Z
new data: 2025-09-02T06:09:17.860Z
new data: 2025-09-02T06:09:18.861Z
new data: 2025-09-02T06:09:19.875Z
new data: 2025-09-02T06:09:20.887Z
new data: 2025-09-02T06:09:21.898Z
new data: 2025-09-02T06:09:22.911Z
new data: 2025-09-02T06:09:23.919Z
new data: 2025-09-02T06:09:24.935Z
new data: 2025-09-02T06:09:25.948Z
new data: 2025-09-02T06:09:26.963Z
new data: 2025-09-02T06:09:27.978Z
new data: 2025-09-02T06:09:29.000Z
new data: 2025-09-02T06:09:30.009Z
new data: 2025-09-02T06:09:31.021Z
new data: 2025-09-02T06:09:32.036Z
new data: 2025-09-02T06:09:33.050Z
new data: 2025-09-02T06:09:34.064Z
new data: 2025-09-02T06:09:35.079Z
new data: 2025-09-02T06:09:36.086Z
new data: 2025-09-02T06:09:37.087Z
new data: 2025-09-02T06:09:38.087Z
new data: 2025-09-02T06:09:39.102Z
new data: 2025-09-02T06:09:40.112Z
new data: 2025-09-02T06:09:41.125Z
new data: 2025-09-02T06:09:42.138Z
new data: 2025-09-02T06:09:43.137Z
new data: 2025-09-02T06:09:44.148Z
new data: 2025-09-02T06:09:45.163Z
new data: 2025-09-02T06:09:46.167Z
new data: 2025-09-02T06:09:47.178Z
new data: 2025-09-02T06:09:48.189Z
new data: 2025-09-02T06:09:49.202Z
new data: 2025-09-02T06:09:50.213Z
new data: 2025-09-02T06:09:51.214Z
new data: 2025-09-02T06:09:52.229Z
new data: 2025-09-02T06:09:53.244Z
new data: 2025-09-02T06:09:54.260Z
new data: 2025-09-02T06:09:55.275Z
new data: 2025-09-02T06:09:56.288Z
new data: 2025-09-02T06:09:57.298Z
new data: 2025-09-02T06:09:58.311Z
new data: 2025-09-02T06:09:59.323Z
new data: 2025-09-02T06:10:00.335Z
new data: 2025-09-02T06:10:01.346Z
new data: 2025-09-02T06:10:02.358Z
new data: 2025-09-02T06:10:03.374Z
new data: 2025-09-02T06:10:04.387Z
new data: 2025-09-02T06:10:05.402Z
new data: 2025-09-02T06:10:06.414Z
new data: 2025-09-02T06:10:07.427Z
new data: 2025-09-02T06:10:08.440Z
new data: 2025-09-02T06:10:09.450Z
new data: 2025-09-02T06:10:10.450Z
new data: 2025-09-02T06:10:11.460Z
new data: 2025-09-02T06:10:12.473Z
new data: 2025-09-02T06:10:13.487Z
new data: 2025-09-02T06:10:14.502Z
new data: 2025-09-02T06:10:15.514Z
new data: 2025-09-02T06:10:16.528Z
new data: 2025-09-02T06:10:17.538Z
new data: 2025-09-02T06:10:18.552Z
new data: 2025-09-02T06:10:19.566Z
new data: 2025-09-02T06:10:20.580Z
new data: 2025-09-02T06:10:21.594Z
new data: 2025-09-02T06:10:22.605Z
new data: 2025-09-02T06:10:23.617Z
new data: 2025-09-02T06:10:24.618Z
new data: 2025-09-02T06:10:25.631Z
new data: 2025-09-02T06:10:26.645Z
new data: 2025-09-02T06:10:27.660Z
new data: 2025-09-02T06:10:28.669Z
new data: 2025-09-02T06:10:29.682Z
new data: 2025-09-02T06:10:30.683Z
new data: 2025-09-02T06:10:31.698Z
new data: 2025-09-02T06:10:32.708Z
new data: 2025-09-02T06:10:33.719Z
new data: 2025-09-02T06:10:34.719Z
new data: 2025-09-02T06:10:35.734Z
new data: 2025-09-02T06:10:36.745Z
new data: 2025-09-02T06:10:37.755Z
new data: 2025-09-02T06:10:38.763Z
new data: 2025-09-02T06:10:39.766Z
new data: 2025-09-02T06:10:40.775Z
new data: 2025-09-02T06:10:41.786Z
new data: 2025-09-02T06:10:42.802Z
new data: 2025-09-02T06:10:43.814Z
new data: 2025-09-02T06:10:44.827Z
new data: 2025-09-02T06:10:45.838Z
new data: 2025-09-02T06:10:46.849Z
new data: 2025-09-02T06:10:47.863Z
new data: 2025-09-02T06:10:48.877Z
new data: 2025-09-02T06:10:49.889Z
new data: 2025-09-02T06:10:50.898Z
new data: 2025-09-02T06:10:51.909Z
new data: 2025-09-02T06:10:52.923Z
new data: 2025-09-02T06:10:53.923Z
new data: 2025-09-02T06:10:54.938Z
new data: 2025-09-02T06:10:55.951Z
new data: 2025-09-02T06:10:56.954Z
new data: 2025-09-02T06:10:57.966Z
new data: 2025-09-02T06:10:58.979Z
new data: 2025-09-02T06:10:59.992Z
new data: 2025-09-02T06:11:01.006Z
new data: 2025-09-02T06:11:02.018Z
new data: 2025-09-02T06:11:03.027Z
new data: 2025-09-02T06:11:04.039Z
new data: 2025-09-02T06:11:05.043Z
new data: 2025-09-02T06:11:06.059Z
new data: 2025-09-02T06:11:07.067Z
new data: 2025-09-02T06:11:08.067Z
new data: 2025-09-02T06:11:09.081Z
new data: 2025-09-02T06:11:10.081Z
new data: 2025-09-02T06:11:11.094Z
new data: 2025-09-02T06:11:12.106Z
new data: 2025-09-02T06:11:13.120Z
new data: 2025-09-02T06:11:14.133Z
new data: 2025-09-02T06:11:15.146Z
new data: 2025-09-02T06:11:16.156Z
new data: 2025-09-02T06:11:17.168Z
new data: 2025-09-02T06:11:18.168Z
new data: 2025-09-02T06:11:19.179Z
new data: 2025-09-02T06:11:20.188Z
new data: 2025-09-02T06:11:21.201Z
new data: 2025-09-02T06:11:22.202Z
new data: 2025-09-02T06:11:23.205Z
new data: 2025-09-02T06:11:24.212Z
new data: 2025-09-02T06:11:25.227Z
new data: 2025-09-02T06:11:26.237Z
new data: 2025-09-02T06:11:27.252Z
new data: 2025-09-02T06:11:28.262Z
new data: 2025-09-02T06:11:29.262Z
new data: 2025-09-02T06:11:30.275Z
new data: 2025-09-02T06:11:31.287Z
new data: 2025-09-02T06:11:32.298Z
new data: 2025-09-02T06:11:33.310Z
new data: 2025-09-02T06:11:34.318Z
new data: 2025-09-02T06:11:35.333Z
new data: 2025-09-02T06:11:36.344Z
new data: 2025-09-02T06:11:37.352Z
new data: 2025-09-02T06:11:38.362Z
new data: 2025-09-02T06:11:39.365Z
new data: 2025-09-02T06:11:40.374Z
new data: 2025-09-02T06:11:41.385Z
new data: 2025-09-02T06:11:42.399Z
new data: 2025-09-02T06:11:43.410Z
new data: 2025-09-02T06:11:44.421Z
new data: 2025-09-02T06:11:45.429Z
new data: 2025-09-02T06:11:46.442Z
new data: 2025-09-02T06:11:47.456Z
new data: 2025-09-02T06:11:48.466Z
new data: 2025-09-02T06:11:49.479Z
new data: 2025-09-02T06:11:50.490Z
new data: 2025-09-02T06:11:51.490Z
new data: 2025-09-02T06:11:52.503Z
new data: 2025-09-02T06:11:53.504Z
new data: 2025-09-02T06:11:54.506Z
new data: 2025-09-02T06:11:55.511Z
new data: 2025-09-02T06:11:56.523Z
new data: 2025-09-02T06:11:57.523Z
new data: 2025-09-02T06:11:58.528Z
new data: 2025-09-02T06:11:59.540Z
new data: 2025-09-02T06:12:00.549Z
new data: 2025-09-02T06:12:01.552Z
new data: 2025-09-02T06:12:02.562Z
new data: 2025-09-02T06:12:03.573Z
new data: 2025-09-02T06:12:04.588Z
new data: 2025-09-02T06:12:05.600Z
new data: 2025-09-02T06:12:06.609Z
new data: 2025-09-02T06:12:07.617Z
new data: 2025-09-02T06:12:08.628Z
new data: 2025-09-02T06:12:09.643Z
new data: 2025-09-02T06:12:10.655Z
new data: 2025-09-02T06:12:11.669Z
new data: 2025-09-02T06:12:12.680Z
new data: 2025-09-02T06:12:13.692Z
new data: 2025-09-02T06:12:14.706Z
new data: 2025-09-02T06:12:15.718Z
new data: 2025-09-02T06:12:16.720Z
new data: 2025-09-02T06:12:17.730Z
new data: 2025-09-02T06:12:18.731Z
new data: 2025-09-02T06:12:19.731Z
new data: 2025-09-02T06:12:20.743Z
new data: 2025-09-02T06:12:21.755Z
new data: 2025-09-02T06:12:22.769Z
new data: 2025-09-02T06:12:23.779Z
new data: 2025-09-02T06:12:24.792Z
new data: 2025-09-02T06:12:25.805Z
new data: 2025-09-02T06:12:26.817Z
new data: 2025-09-02T06:12:27.832Z
new data: 2025-09-02T06:12:28.846Z
new data: 2025-09-02T06:12:29.859Z
new data: 2025-09-02T06:12:30.873Z
new data: 2025-09-02T06:12:31.885Z
new data: 2025-09-02T06:12:32.896Z
new data: 2025-09-02T06:12:33.908Z
new data: 2025-09-02T06:12:34.920Z
new data: 2025-09-02T06:12:35.923Z
new data: 2025-09-02T06:12:36.927Z
new data: 2025-09-02T06:12:37.942Z
new data: 2025-09-02T06:12:38.954Z
new data: 2025-09-02T06:12:39.964Z
new data: 2025-09-02T06:12:40.979Z
new data: 2025-09-02T06:12:41.993Z
new data: 2025-09-02T06:12:42.995Z
new data: 2025-09-02T06:12:44.010Z
new data: 2025-09-02T06:12:45.019Z
new data: 2025-09-02T06:12:46.019Z
new data: 2025-09-02T06:12:47.018Z
new data: 2025-09-02T06:12:48.034Z
new data: 2025-09-02T06:12:49.048Z
new data: 2025-09-02T06:12:50.062Z
new data: 2025-09-02T06:12:51.078Z
new data: 2025-09-02T06:12:52.090Z
new data: 2025-09-02T06:12:53.091Z
new data: 2025-09-02T06:12:54.095Z
new data: 2025-09-02T06:12:55.109Z
new data: 2025-09-02T06:12:56.123Z
new data: 2025-09-02T06:12:57.135Z
new data: 2025-09-02T06:12:58.150Z
new data: 2025-09-02T06:12:59.163Z
new data: 2025-09-02T06:13:00.175Z
new data: 2025-09-02T06:13:01.186Z
new data: 2025-09-02T06:13:02.190Z
new data: 2025-09-02T06:13:03.201Z
new data: 2025-09-02T06:13:04.210Z
new data: 2025-09-02T06:13:05.220Z
new data: 2025-09-02T06:13:06.232Z
new data: 2025-09-02T06:13:07.246Z
new data: 2025-09-02T06:13:08.253Z
new data: 2025-09-02T06:13:09.268Z
new data: 2025-09-02T06:13:10.280Z
new data: 2025-09-02T06:13:11.292Z
new data: 2025-09-02T06:13:12.306Z
new data: 2025-09-02T06:13:13.318Z
new data: 2025-09-02T06:13:14.333Z
new data: 2025-09-02T06:13:15.349Z
new data: 2025-09-02T06:13:16.352Z
new data: 2025-09-02T06:13:17.364Z
new data: 2025-09-02T06:13:18.377Z
new data: 2025-09-02T06:13:19.391Z
new data: 2025-09-02T06:13:20.398Z
new data: 2025-09-02T06:13:21.412Z
new data: 2025-09-02T06:13:22.424Z
new data: 2025-09-02T06:13:23.438Z
new data: 2025-09-02T06:13:24.450Z
new data: 2025-09-02T06:13:25.463Z
new data: 2025-09-02T06:13:26.465Z
new data: 2025-09-02T06:13:27.473Z
new data: 2025-09-02T06:13:28.486Z
new data: 2025-09-02T06:13:29.496Z
new data: 2025-09-02T06:13:30.496Z
new data: 2025-09-02T06:13:31.507Z
new data: 2025-09-02T06:13:32.517Z
new data: 2025-09-02T06:13:33.528Z
new data: 2025-09-02T06:13:34.537Z
new data: 2025-09-02T06:13:35.552Z
new data: 2025-09-02T06:13:36.567Z
new data: 2025-09-02T06:13:37.574Z
new data: 2025-09-02T06:13:38.588Z
new data: 2025-09-02T06:13:39.600Z
new data: 2025-09-02T06:13:40.611Z
new data: 2025-09-02T06:13:41.620Z
new data: 2025-09-02T06:13:42.633Z
new data: 2025-09-02T06:13:43.646Z
new data: 2025-09-02T06:13:44.658Z
new data: 2025-09-02T06:13:45.672Z
new data: 2025-09-02T06:13:46.684Z
new data: 2025-09-02T06:13:47.698Z
new data: 2025-09-02T06:13:48.713Z
new data: 2025-09-02T06:13:49.722Z
new data: 2025-09-02T06:13:50.733Z
new data: 2025-09-02T06:13:51.741Z
new data: 2025-09-02T06:13:52.754Z
new data: 2025-09-02T06:13:53.754Z
new data: 2025-09-02T06:13:54.766Z
new data: 2025-09-02T06:13:55.779Z
new data: 2025-09-02T06:13:56.793Z
new data: 2025-09-02T06:13:57.803Z
new data: 2025-09-02T06:13:58.814Z
new data: 2025-09-02T06:13:59.827Z
new data: 2025-09-02T06:14:00.836Z
new data: 2025-09-02T06:14:01.841Z
new data: 2025-09-02T06:14:02.855Z
new data: 2025-09-02T06:14:03.868Z
new data: 2025-09-02T06:14:04.881Z
new data: 2025-09-02T06:14:05.893Z
new data: 2025-09-02T06:14:06.907Z
new data: 2025-09-02T06:14:07.919Z
new data: 2025-09-02T06:14:08.932Z
new data: 2025-09-02T06:14:09.938Z
new data: 2025-09-02T06:14:10.947Z
new data: 2025-09-02T06:14:11.961Z
new data: 2025-09-02T06:14:12.970Z
new data: 2025-09-02T06:14:13.979Z
new data: 2025-09-02T06:14:14.990Z
new data: 2025-09-02T06:14:16.000Z
new data: 2025-09-02T06:14:17.006Z
new data: 2025-09-02T06:14:18.019Z
new data: 2025-09-02T06:14:19.020Z
new data: 2025-09-02T06:14:20.034Z
new data: 2025-09-02T06:14:21.047Z
new data: 2025-09-02T06:14:22.061Z
new data: 2025-09-02T06:14:23.074Z
new data: 2025-09-02T06:14:24.075Z
new data: 2025-09-02T06:14:25.077Z
new data: 2025-09-02T06:14:26.090Z
new data: 2025-09-02T06:14:27.100Z
new data: 2025-09-02T06:14:28.114Z
new data: 2025-09-02T06:14:29.127Z
new data: 2025-09-02T06:14:30.135Z
new data: 2025-09-02T06:14:31.135Z
new data: 2025-09-02T06:14:32.145Z
new data: 2025-09-02T06:14:33.160Z
new data: 2025-09-02T06:14:34.173Z
new data: 2025-09-02T06:14:35.186Z
new data: 2025-09-02T06:14:36.202Z
new data: 2025-09-02T06:14:37.215Z
new data: 2025-09-02T06:14:38.223Z
new data: 2025-09-02T06:14:39.224Z
new data: 2025-09-02T06:14:40.234Z
new data: 2025-09-02T06:14:41.246Z
new data: 2025-09-02T06:14:42.259Z
new data: 2025-09-02T06:14:43.260Z
new data: 2025-09-02T06:14:44.268Z
new data: 2025-09-02T06:14:45.282Z
new data: 2025-09-02T06:14:46.297Z
new data: 2025-09-02T06:14:47.311Z
new data: 2025-09-02T06:14:48.325Z
new data: 2025-09-02T06:14:49.338Z
new data: 2025-09-02T06:14:50.344Z
new data: 2025-09-02T06:14:51.352Z
new data: 2025-09-02T06:14:52.353Z
new data: 2025-09-02T06:14:53.368Z
new data: 2025-09-02T06:14:54.377Z
new data: 2025-09-02T06:14:55.392Z
new data: 2025-09-02T06:14:56.395Z
new data: 2025-09-02T06:14:57.408Z
new data: 2025-09-02T06:14:58.421Z
new data: 2025-09-02T06:14:59.429Z
new data: 2025-09-02T06:15:00.441Z
new data: 2025-09-02T06:15:01.456Z
new data: 2025-09-02T06:15:02.467Z
new data: 2025-09-02T06:15:03.478Z
new data: 2025-09-02T06:15:04.490Z
new data: 2025-09-02T06:15:05.505Z
new data: 2025-09-02T06:15:06.514Z
new data: 2025-09-02T06:15:07.527Z
new data: 2025-09-02T06:15:08.539Z
new data: 2025-09-02T06:15:09.547Z
new data: 2025-09-02T06:15:10.555Z
new data: 2025-09-02T06:15:11.567Z
new data: 2025-09-02T06:15:12.582Z
new data: 2025-09-02T06:15:13.593Z
new data: 2025-09-02T06:15:14.605Z
new data: 2025-09-02T06:15:15.604Z
new data: 2025-09-02T06:15:16.617Z
new data: 2025-09-02T06:15:17.626Z
new data: 2025-09-02T06:15:21.677Z
new data: 2025-09-02T06:15:22.678Z
new data: 2025-09-02T06:15:23.687Z
new data: 2025-09-02T06:15:24.703Z
new data: 2025-09-02T06:15:25.716Z
new data: 2025-09-02T06:15:26.718Z
new data: 2025-09-02T06:15:27.731Z
new data: 2025-09-02T06:15:28.734Z
new data: 2025-09-02T06:15:29.737Z
new data: 2025-09-02T06:15:30.750Z
new data: 2025-09-02T06:15:31.763Z
new data: 2025-09-02T06:15:32.773Z
new data: 2025-09-02T06:15:33.773Z
new data: 2025-09-02T06:15:34.785Z
new data: 2025-09-02T06:15:35.799Z
new data: 2025-09-02T06:15:36.812Z
new data: 2025-09-02T06:15:37.818Z
new data: 2025-09-02T06:15:38.818Z
new data: 2025-09-02T06:15:39.830Z
new data: 2025-09-02T06:15:40.844Z
new data: 2025-09-02T06:15:41.852Z
new data: 2025-09-02T06:15:42.864Z
new data: 2025-09-02T06:15:43.876Z
new data: 2025-09-02T06:15:44.890Z
new data: 2025-09-02T06:15:45.904Z
new data: 2025-09-02T06:15:46.914Z
new data: 2025-09-02T06:15:47.916Z
new data: 2025-09-02T06:15:48.931Z
new data: 2025-09-02T06:15:49.943Z
new data: 2025-09-02T06:15:50.957Z
new data: 2025-09-02T06:15:51.970Z
new data: 2025-09-02T06:15:52.983Z
new data: 2025-09-02T06:15:53.997Z
new data: 2025-09-02T06:15:55.008Z
new data: 2025-09-02T06:15:56.021Z
new data: 2025-09-02T06:15:57.030Z
new data: 2025-09-02T06:15:58.042Z
new data: 2025-09-02T06:15:59.054Z
new data: 2025-09-02T06:16:00.066Z
new data: 2025-09-02T06:16:01.068Z
new data: 2025-09-02T06:16:02.081Z
new data: 2025-09-02T06:16:03.097Z
new data: 2025-09-02T06:16:04.106Z
new data: 2025-09-02T06:16:05.122Z
new data: 2025-09-02T06:16:06.124Z
new data: 2025-09-02T06:16:07.124Z
new data: 2025-09-02T06:16:08.134Z
new data: 2025-09-02T06:16:09.148Z
new data: 2025-09-02T06:16:10.159Z
new data: 2025-09-02T06:16:11.161Z
new data: 2025-09-02T06:16:12.175Z
new data: 2025-09-02T06:16:13.189Z
new data: 2025-09-02T06:16:14.200Z
new data: 2025-09-02T06:16:15.213Z
new data: 2025-09-02T06:16:16.225Z
new data: 2025-09-02T06:16:17.234Z
new data: 2025-09-02T06:16:18.242Z
new data: 2025-09-02T06:16:19.242Z
new data: 2025-09-02T06:16:20.257Z
new data: 2025-09-02T06:16:21.268Z
new data: 2025-09-02T06:16:22.283Z
new data: 2025-09-02T06:16:23.283Z
new data: 2025-09-02T06:16:24.288Z
new data: 2025-09-02T06:16:25.300Z
new data: 2025-09-02T06:16:26.309Z
new data: 2025-09-02T06:16:27.319Z
new data: 2025-09-02T06:16:28.330Z
new data: 2025-09-02T06:16:29.344Z
new data: 2025-09-02T06:16:30.356Z
new data: 2025-09-02T06:16:31.366Z
new data: 2025-09-02T06:16:32.378Z
new data: 2025-09-02T06:16:33.391Z
new data: 2025-09-02T06:16:34.402Z
new data: 2025-09-02T06:16:35.414Z
new data: 2025-09-02T06:16:36.424Z
new data: 2025-09-02T06:16:37.437Z
new data: 2025-09-02T06:16:38.439Z
new data: 2025-09-02T06:16:39.440Z
new data: 2025-09-02T06:16:40.452Z
new data: 2025-09-02T06:16:41.467Z
new data: 2025-09-02T06:16:42.474Z
new data: 2025-09-02T06:16:43.490Z
new data: 2025-09-02T06:16:44.504Z
new data: 2025-09-02T06:16:45.515Z
new data: 2025-09-02T06:16:46.523Z
new data: 2025-09-02T06:16:47.533Z
new data: 2025-09-02T06:16:48.532Z
new data: 2025-09-02T06:16:49.533Z
new data: 2025-09-02T06:16:50.547Z
new data: 2025-09-02T06:16:51.560Z
new data: 2025-09-02T06:16:52.572Z
new data: 2025-09-02T06:16:53.582Z
new data: 2025-09-02T06:16:54.598Z
new data: 2025-09-02T06:16:55.609Z
new data: 2025-09-02T06:16:56.609Z
new data: 2025-09-02T06:16:57.610Z
new data: 2025-09-02T06:16:58.610Z
new data: 2025-09-02T06:16:59.616Z
new data: 2025-09-02T06:17:00.617Z
new data: 2025-09-02T06:17:01.619Z
new data: 2025-09-02T06:17:02.619Z
new data: 2025-09-02T06:17:03.627Z
new data: 2025-09-02T06:17:04.639Z
new data: 2025-09-02T06:17:05.649Z
new data: 2025-09-02T06:17:06.665Z
new data: 2025-09-02T06:17:07.675Z
new data: 2025-09-02T06:17:08.689Z
new data: 2025-09-02T06:17:09.701Z
new data: 2025-09-02T06:17:10.716Z
new data: 2025-09-02T06:17:11.726Z
new data: 2025-09-02T06:17:12.739Z
new data: 2025-09-02T06:17:13.751Z
new data: 2025-09-02T06:17:14.762Z
new data: 2025-09-02T06:17:15.771Z
new data: 2025-09-02T06:17:16.779Z
new data: 2025-09-02T06:17:17.786Z
new data: 2025-09-02T06:17:18.799Z
new data: 2025-09-02T06:17:19.813Z
new data: 2025-09-02T06:17:20.826Z
new data: 2025-09-02T06:17:21.841Z
new data: 2025-09-02T06:17:22.853Z
new data: 2025-09-02T06:17:23.864Z
new data: 2025-09-02T06:17:24.873Z
new data: 2025-09-02T06:17:25.874Z
new data: 2025-09-02T06:17:26.887Z
new data: 2025-09-02T06:17:27.900Z
new data: 2025-09-02T06:17:28.915Z
new data: 2025-09-02T06:17:29.928Z
new data: 2025-09-02T06:17:30.939Z
new data: 2025-09-02T06:17:31.952Z
new data: 2025-09-02T06:17:32.966Z
new data: 2025-09-02T06:17:33.974Z
new data: 2025-09-02T06:17:34.978Z
new data: 2025-09-02T06:17:35.981Z
new data: 2025-09-02T06:17:36.992Z
new data: 2025-09-02T06:17:37.998Z
new data: 2025-09-02T06:17:39.010Z
new data: 2025-09-02T06:17:40.022Z
new data: 2025-09-02T06:17:41.032Z
new data: 2025-09-02T06:17:42.042Z
new data: 2025-09-02T06:17:43.053Z
new data: 2025-09-02T06:17:44.058Z
new data: 2025-09-02T06:17:45.069Z
new data: 2025-09-02T06:17:46.075Z
new data: 2025-09-02T06:17:47.083Z
new data: 2025-09-02T06:17:48.085Z
new data: 2025-09-02T06:17:49.085Z
new data: 2025-09-02T06:17:50.098Z
new data: 2025-09-02T06:17:51.109Z
new data: 2025-09-02T06:17:52.109Z
new data: 2025-09-02T06:17:53.123Z
new data: 2025-09-02T06:17:54.124Z
new data: 2025-09-02T06:17:55.138Z
new data: 2025-09-02T06:17:56.147Z
new data: 2025-09-02T06:17:57.149Z
new data: 2025-09-02T06:17:58.161Z
new data: 2025-09-02T06:17:59.176Z
new data: 2025-09-02T06:18:00.184Z
new data: 2025-09-02T06:18:01.195Z
new data: 2025-09-02T06:18:02.208Z
new data: 2025-09-02T06:18:03.210Z
new data: 2025-09-02T06:18:04.222Z
new data: 2025-09-02T06:18:05.229Z
new data: 2025-09-02T06:18:06.238Z
new data: 2025-09-02T06:18:07.253Z
new data: 2025-09-02T06:18:08.261Z
new data: 2025-09-02T06:18:09.271Z
new data: 2025-09-02T06:18:10.271Z
new data: 2025-09-02T06:18:11.285Z
new data: 2025-09-02T06:18:12.296Z
new data: 2025-09-02T06:18:13.310Z
new data: 2025-09-02T06:18:14.324Z
new data: 2025-09-02T06:18:15.330Z
new data: 2025-09-02T06:18:16.345Z
new data: 2025-09-02T06:18:17.345Z
new data: 2025-09-02T06:18:18.355Z
new data: 2025-09-02T06:18:19.364Z
new data: 2025-09-02T06:18:20.375Z
new data: 2025-09-02T06:18:21.387Z
new data: 2025-09-02T06:18:22.391Z
new data: 2025-09-02T06:18:23.402Z
new data: 2025-09-02T06:18:24.418Z
new data: 2025-09-02T06:18:25.430Z
new data: 2025-09-02T06:18:26.441Z
new data: 2025-09-02T06:18:27.455Z
new data: 2025-09-02T06:18:28.464Z
new data: 2025-09-02T06:18:29.479Z
new data: 2025-09-02T06:18:30.488Z
